Archive member included because of file (symbol)

/home/robert/pebble-dev/PebbleSDK-2.0-BETA2/Pebble/lib/libpebble.a(tmpIDurlFpebble.o)
                              src/quotes.c.7.o (app_event_loop)

Allocating common symbols
Common symbol       size              file

hs_name             0x4               src/entry.c.7.o
hs_callback         0x4               src/entry.c.7.o

Discarded input sections

 .text          0x00000000        0x0 /home/robert/pebble-dev/PebbleSDK-2.0-BETA2/arm-cs-tools/bin/../lib/gcc/arm-none-eabi/4.7.3/thumb2/crti.o
 .bss           0x00000000        0x0 /home/robert/pebble-dev/PebbleSDK-2.0-BETA2/arm-cs-tools/bin/../lib/gcc/arm-none-eabi/4.7.3/thumb2/crti.o
 .init          0x00000000        0x4 /home/robert/pebble-dev/PebbleSDK-2.0-BETA2/arm-cs-tools/bin/../lib/gcc/arm-none-eabi/4.7.3/thumb2/crti.o
 .fini          0x00000000        0x4 /home/robert/pebble-dev/PebbleSDK-2.0-BETA2/arm-cs-tools/bin/../lib/gcc/arm-none-eabi/4.7.3/thumb2/crti.o
 .text          0x00000000       0xc8 /home/robert/pebble-dev/PebbleSDK-2.0-BETA2/arm-cs-tools/bin/../lib/gcc/arm-none-eabi/4.7.3/thumb2/crtbegin.o
 .bss           0x00000000       0x1c /home/robert/pebble-dev/PebbleSDK-2.0-BETA2/arm-cs-tools/bin/../lib/gcc/arm-none-eabi/4.7.3/thumb2/crtbegin.o
 .init_array    0x00000000        0x4 /home/robert/pebble-dev/PebbleSDK-2.0-BETA2/arm-cs-tools/bin/../lib/gcc/arm-none-eabi/4.7.3/thumb2/crtbegin.o
 .fini_array    0x00000000        0x4 /home/robert/pebble-dev/PebbleSDK-2.0-BETA2/arm-cs-tools/bin/../lib/gcc/arm-none-eabi/4.7.3/thumb2/crtbegin.o
 .eh_frame      0x00000000        0x0 /home/robert/pebble-dev/PebbleSDK-2.0-BETA2/arm-cs-tools/bin/../lib/gcc/arm-none-eabi/4.7.3/thumb2/crtbegin.o
 .jcr           0x00000000        0x0 /home/robert/pebble-dev/PebbleSDK-2.0-BETA2/arm-cs-tools/bin/../lib/gcc/arm-none-eabi/4.7.3/thumb2/crtbegin.o
 .tm_clone_table
                0x00000000        0x0 /home/robert/pebble-dev/PebbleSDK-2.0-BETA2/arm-cs-tools/bin/../lib/gcc/arm-none-eabi/4.7.3/thumb2/crtbegin.o
 .text          0x00000000        0x0 src/entry.c.7.o
 .bss           0x00000000        0x0 src/entry.c.7.o
 .text.window_unload
                0x00000000       0x58 src/entry.c.7.o
 .text.window_load
                0x00000000      0x130 src/entry.c.7.o
 .text.select_click_handler
                0x00000000       0x74 src/entry.c.7.o
 .text.click_config_provider
                0x00000000       0x48 src/entry.c.7.o
 .text.down_click_handler
                0x00000000       0x44 src/entry.c.7.o
 .text.select_long_click_handler
                0x00000000       0x34 src/entry.c.7.o
 .text.up_click_handler
                0x00000000       0x44 src/entry.c.7.o
 .text.entry_init
                0x00000000       0x64 src/entry.c.7.o
 .text.entry_deinit
                0x00000000       0x10 src/entry.c.7.o
 .text.entry_get_name
                0x00000000       0x2c src/entry.c.7.o
 .rodata        0x00000000        0x8 src/entry.c.7.o
 .bss.ui        0x00000000       0x44 src/entry.c.7.o
 .rodata.str1.1
                0x00000000       0x1d src/entry.c.7.o
 COMMON         0x00000000        0x8 src/entry.c.7.o
 .text          0x00000000        0x0 src/quotes.c.7.o
 .bss           0x00000000        0x0 src/quotes.c.7.o
 .text          0x00000000        0x0 appinfo.auto.c.7.o
 .bss           0x00000000        0x0 appinfo.auto.c.7.o
 .bss           0x00000000        0x0 /home/robert/pebble-dev/PebbleSDK-2.0-BETA2/Pebble/lib/libpebble.a(tmpIDurlFpebble.o)
 .text.accel_data_service_subscribe
                0x00000000        0xc /home/robert/pebble-dev/PebbleSDK-2.0-BETA2/Pebble/lib/libpebble.a(tmpIDurlFpebble.o)
 .text.accel_data_service_unsubscribe
                0x00000000        0xc /home/robert/pebble-dev/PebbleSDK-2.0-BETA2/Pebble/lib/libpebble.a(tmpIDurlFpebble.o)
 .text.accel_service_peek
                0x00000000        0xc /home/robert/pebble-dev/PebbleSDK-2.0-BETA2/Pebble/lib/libpebble.a(tmpIDurlFpebble.o)
 .text.accel_service_set_samples_per_update
                0x00000000        0xc /home/robert/pebble-dev/PebbleSDK-2.0-BETA2/Pebble/lib/libpebble.a(tmpIDurlFpebble.o)
 .text.accel_service_set_sampling_rate
                0x00000000        0xc /home/robert/pebble-dev/PebbleSDK-2.0-BETA2/Pebble/lib/libpebble.a(tmpIDurlFpebble.o)
 .text.accel_tap_service_subscribe
                0x00000000        0xc /home/robert/pebble-dev/PebbleSDK-2.0-BETA2/Pebble/lib/libpebble.a(tmpIDurlFpebble.o)
 .text.accel_tap_service_unsubscribe
                0x00000000        0xc /home/robert/pebble-dev/PebbleSDK-2.0-BETA2/Pebble/lib/libpebble.a(tmpIDurlFpebble.o)
 .text.action_bar_layer_add_to_window
                0x00000000        0xc /home/robert/pebble-dev/PebbleSDK-2.0-BETA2/Pebble/lib/libpebble.a(tmpIDurlFpebble.o)
 .text.action_bar_layer_clear_icon
                0x00000000        0xc /home/robert/pebble-dev/PebbleSDK-2.0-BETA2/Pebble/lib/libpebble.a(tmpIDurlFpebble.o)
 .text.action_bar_layer_create
                0x00000000        0xc /home/robert/pebble-dev/PebbleSDK-2.0-BETA2/Pebble/lib/libpebble.a(tmpIDurlFpebble.o)
 .text.action_bar_layer_destroy
                0x00000000        0xc /home/robert/pebble-dev/PebbleSDK-2.0-BETA2/Pebble/lib/libpebble.a(tmpIDurlFpebble.o)
 .text.action_bar_layer_get_layer
                0x00000000        0xc /home/robert/pebble-dev/PebbleSDK-2.0-BETA2/Pebble/lib/libpebble.a(tmpIDurlFpebble.o)
 .text.action_bar_layer_remove_from_window
                0x00000000        0xc /home/robert/pebble-dev/PebbleSDK-2.0-BETA2/Pebble/lib/libpebble.a(tmpIDurlFpebble.o)
 .text.action_bar_layer_set_background_color
                0x00000000        0xc /home/robert/pebble-dev/PebbleSDK-2.0-BETA2/Pebble/lib/libpebble.a(tmpIDurlFpebble.o)
 .text.action_bar_layer_set_click_config_provider
                0x00000000        0xc /home/robert/pebble-dev/PebbleSDK-2.0-BETA2/Pebble/lib/libpebble.a(tmpIDurlFpebble.o)
 .text.action_bar_layer_set_context
                0x00000000        0xc /home/robert/pebble-dev/PebbleSDK-2.0-BETA2/Pebble/lib/libpebble.a(tmpIDurlFpebble.o)
 .text.action_bar_layer_set_icon
                0x00000000        0xc /home/robert/pebble-dev/PebbleSDK-2.0-BETA2/Pebble/lib/libpebble.a(tmpIDurlFpebble.o)
 .text.animation_create
                0x00000000        0xc /home/robert/pebble-dev/PebbleSDK-2.0-BETA2/Pebble/lib/libpebble.a(tmpIDurlFpebble.o)
 .text.animation_destroy
                0x00000000        0xc /home/robert/pebble-dev/PebbleSDK-2.0-BETA2/Pebble/lib/libpebble.a(tmpIDurlFpebble.o)
 .text.animation_get_context
                0x00000000        0xc /home/robert/pebble-dev/PebbleSDK-2.0-BETA2/Pebble/lib/libpebble.a(tmpIDurlFpebble.o)
 .text.animation_is_scheduled
                0x00000000        0xc /home/robert/pebble-dev/PebbleSDK-2.0-BETA2/Pebble/lib/libpebble.a(tmpIDurlFpebble.o)
 .text.animation_schedule
                0x00000000        0xc /home/robert/pebble-dev/PebbleSDK-2.0-BETA2/Pebble/lib/libpebble.a(tmpIDurlFpebble.o)
 .text.animation_set_curve
                0x00000000        0xc /home/robert/pebble-dev/PebbleSDK-2.0-BETA2/Pebble/lib/libpebble.a(tmpIDurlFpebble.o)
 .text.animation_set_delay
                0x00000000        0xc /home/robert/pebble-dev/PebbleSDK-2.0-BETA2/Pebble/lib/libpebble.a(tmpIDurlFpebble.o)
 .text.animation_set_duration
                0x00000000        0xc /home/robert/pebble-dev/PebbleSDK-2.0-BETA2/Pebble/lib/libpebble.a(tmpIDurlFpebble.o)
 .text.animation_set_handlers
                0x00000000        0xc /home/robert/pebble-dev/PebbleSDK-2.0-BETA2/Pebble/lib/libpebble.a(tmpIDurlFpebble.o)
 .text.animation_set_implementation
                0x00000000        0xc /home/robert/pebble-dev/PebbleSDK-2.0-BETA2/Pebble/lib/libpebble.a(tmpIDurlFpebble.o)
 .text.animation_unschedule
                0x00000000        0xc /home/robert/pebble-dev/PebbleSDK-2.0-BETA2/Pebble/lib/libpebble.a(tmpIDurlFpebble.o)
 .text.animation_unschedule_all
                0x00000000        0xc /home/robert/pebble-dev/PebbleSDK-2.0-BETA2/Pebble/lib/libpebble.a(tmpIDurlFpebble.o)
 .text.app_comm_get_sniff_interval
                0x00000000        0xc /home/robert/pebble-dev/PebbleSDK-2.0-BETA2/Pebble/lib/libpebble.a(tmpIDurlFpebble.o)
 .text.app_comm_set_sniff_interval
                0x00000000        0xc /home/robert/pebble-dev/PebbleSDK-2.0-BETA2/Pebble/lib/libpebble.a(tmpIDurlFpebble.o)
 .text.app_message_deregister_callbacks
                0x00000000        0xc /home/robert/pebble-dev/PebbleSDK-2.0-BETA2/Pebble/lib/libpebble.a(tmpIDurlFpebble.o)
 .text.app_sync_deinit
                0x00000000        0xc /home/robert/pebble-dev/PebbleSDK-2.0-BETA2/Pebble/lib/libpebble.a(tmpIDurlFpebble.o)
 .text.app_sync_get
                0x00000000        0xc /home/robert/pebble-dev/PebbleSDK-2.0-BETA2/Pebble/lib/libpebble.a(tmpIDurlFpebble.o)
 .text.app_sync_init
                0x00000000        0xc /home/robert/pebble-dev/PebbleSDK-2.0-BETA2/Pebble/lib/libpebble.a(tmpIDurlFpebble.o)
 .text.app_sync_set
                0x00000000        0xc /home/robert/pebble-dev/PebbleSDK-2.0-BETA2/Pebble/lib/libpebble.a(tmpIDurlFpebble.o)
 .text.app_timer_cancel
                0x00000000        0xc /home/robert/pebble-dev/PebbleSDK-2.0-BETA2/Pebble/lib/libpebble.a(tmpIDurlFpebble.o)
 .text.app_timer_register
                0x00000000        0xc /home/robert/pebble-dev/PebbleSDK-2.0-BETA2/Pebble/lib/libpebble.a(tmpIDurlFpebble.o)
 .text.app_timer_reschedule
                0x00000000        0xc /home/robert/pebble-dev/PebbleSDK-2.0-BETA2/Pebble/lib/libpebble.a(tmpIDurlFpebble.o)
 .text.atan2_lookup
                0x00000000        0xc /home/robert/pebble-dev/PebbleSDK-2.0-BETA2/Pebble/lib/libpebble.a(tmpIDurlFpebble.o)
 .text.atoi     0x00000000        0xc /home/robert/pebble-dev/PebbleSDK-2.0-BETA2/Pebble/lib/libpebble.a(tmpIDurlFpebble.o)
 .text.atol     0x00000000        0xc /home/robert/pebble-dev/PebbleSDK-2.0-BETA2/Pebble/lib/libpebble.a(tmpIDurlFpebble.o)
 .text.battery_state_service_peek
                0x00000000        0xc /home/robert/pebble-dev/PebbleSDK-2.0-BETA2/Pebble/lib/libpebble.a(tmpIDurlFpebble.o)
 .text.battery_state_service_subscribe
                0x00000000        0xc /home/robert/pebble-dev/PebbleSDK-2.0-BETA2/Pebble/lib/libpebble.a(tmpIDurlFpebble.o)
 .text.battery_state_service_unsubscribe
                0x00000000        0xc /home/robert/pebble-dev/PebbleSDK-2.0-BETA2/Pebble/lib/libpebble.a(tmpIDurlFpebble.o)
 .text.bitmap_layer_create
                0x00000000        0xc /home/robert/pebble-dev/PebbleSDK-2.0-BETA2/Pebble/lib/libpebble.a(tmpIDurlFpebble.o)
 .text.bitmap_layer_destroy
                0x00000000        0xc /home/robert/pebble-dev/PebbleSDK-2.0-BETA2/Pebble/lib/libpebble.a(tmpIDurlFpebble.o)
 .text.bitmap_layer_get_layer
                0x00000000        0xc /home/robert/pebble-dev/PebbleSDK-2.0-BETA2/Pebble/lib/libpebble.a(tmpIDurlFpebble.o)
 .text.bitmap_layer_set_alignment
                0x00000000        0xc /home/robert/pebble-dev/PebbleSDK-2.0-BETA2/Pebble/lib/libpebble.a(tmpIDurlFpebble.o)
 .text.bitmap_layer_set_background_color
                0x00000000        0xc /home/robert/pebble-dev/PebbleSDK-2.0-BETA2/Pebble/lib/libpebble.a(tmpIDurlFpebble.o)
 .text.bitmap_layer_set_bitmap
                0x00000000        0xc /home/robert/pebble-dev/PebbleSDK-2.0-BETA2/Pebble/lib/libpebble.a(tmpIDurlFpebble.o)
 .text.bitmap_layer_set_compositing_mode
                0x00000000        0xc /home/robert/pebble-dev/PebbleSDK-2.0-BETA2/Pebble/lib/libpebble.a(tmpIDurlFpebble.o)
 .text.bluetooth_connection_service_peek
                0x00000000        0xc /home/robert/pebble-dev/PebbleSDK-2.0-BETA2/Pebble/lib/libpebble.a(tmpIDurlFpebble.o)
 .text.bluetooth_connection_service_subscribe
                0x00000000        0xc /home/robert/pebble-dev/PebbleSDK-2.0-BETA2/Pebble/lib/libpebble.a(tmpIDurlFpebble.o)
 .text.bluetooth_connection_service_unsubscribe
                0x00000000        0xc /home/robert/pebble-dev/PebbleSDK-2.0-BETA2/Pebble/lib/libpebble.a(tmpIDurlFpebble.o)
 .text.click_number_of_clicks_counted
                0x00000000        0xc /home/robert/pebble-dev/PebbleSDK-2.0-BETA2/Pebble/lib/libpebble.a(tmpIDurlFpebble.o)
 .text.click_recognizer_get_button_id
                0x00000000        0xc /home/robert/pebble-dev/PebbleSDK-2.0-BETA2/Pebble/lib/libpebble.a(tmpIDurlFpebble.o)
 .text.clock_copy_time_string
                0x00000000        0xc /home/robert/pebble-dev/PebbleSDK-2.0-BETA2/Pebble/lib/libpebble.a(tmpIDurlFpebble.o)
 .text.clock_is_24h_style
                0x00000000        0xc /home/robert/pebble-dev/PebbleSDK-2.0-BETA2/Pebble/lib/libpebble.a(tmpIDurlFpebble.o)
 .text.cos_lookup
                0x00000000        0xc /home/robert/pebble-dev/PebbleSDK-2.0-BETA2/Pebble/lib/libpebble.a(tmpIDurlFpebble.o)
 .text.data_logging_create
                0x00000000        0xc /home/robert/pebble-dev/PebbleSDK-2.0-BETA2/Pebble/lib/libpebble.a(tmpIDurlFpebble.o)
 .text.data_logging_finish
                0x00000000        0xc /home/robert/pebble-dev/PebbleSDK-2.0-BETA2/Pebble/lib/libpebble.a(tmpIDurlFpebble.o)
 .text.data_logging_log
                0x00000000        0xc /home/robert/pebble-dev/PebbleSDK-2.0-BETA2/Pebble/lib/libpebble.a(tmpIDurlFpebble.o)
 .text.dict_calc_buffer_size
                0x00000000        0xc /home/robert/pebble-dev/PebbleSDK-2.0-BETA2/Pebble/lib/libpebble.a(tmpIDurlFpebble.o)
 .text.dict_calc_buffer_size_from_tuplets
                0x00000000        0xc /home/robert/pebble-dev/PebbleSDK-2.0-BETA2/Pebble/lib/libpebble.a(tmpIDurlFpebble.o)
 .text.dict_merge
                0x00000000        0xc /home/robert/pebble-dev/PebbleSDK-2.0-BETA2/Pebble/lib/libpebble.a(tmpIDurlFpebble.o)
 .text.dict_read_begin_from_buffer
                0x00000000        0xc /home/robert/pebble-dev/PebbleSDK-2.0-BETA2/Pebble/lib/libpebble.a(tmpIDurlFpebble.o)
 .text.dict_read_first
                0x00000000        0xc /home/robert/pebble-dev/PebbleSDK-2.0-BETA2/Pebble/lib/libpebble.a(tmpIDurlFpebble.o)
 .text.dict_read_next
                0x00000000        0xc /home/robert/pebble-dev/PebbleSDK-2.0-BETA2/Pebble/lib/libpebble.a(tmpIDurlFpebble.o)
 .text.dict_serialize_tuplets
                0x00000000        0xc /home/robert/pebble-dev/PebbleSDK-2.0-BETA2/Pebble/lib/libpebble.a(tmpIDurlFpebble.o)
 .text.dict_serialize_tuplets_to_buffer__deprecated
                0x00000000        0xc /home/robert/pebble-dev/PebbleSDK-2.0-BETA2/Pebble/lib/libpebble.a(tmpIDurlFpebble.o)
 .text.dict_serialize_tuplets_to_buffer_with_iter
                0x00000000        0xc /home/robert/pebble-dev/PebbleSDK-2.0-BETA2/Pebble/lib/libpebble.a(tmpIDurlFpebble.o)
 .text.dict_write_begin
                0x00000000        0xc /home/robert/pebble-dev/PebbleSDK-2.0-BETA2/Pebble/lib/libpebble.a(tmpIDurlFpebble.o)
 .text.dict_write_cstring
                0x00000000        0xc /home/robert/pebble-dev/PebbleSDK-2.0-BETA2/Pebble/lib/libpebble.a(tmpIDurlFpebble.o)
 .text.dict_write_data
                0x00000000        0xc /home/robert/pebble-dev/PebbleSDK-2.0-BETA2/Pebble/lib/libpebble.a(tmpIDurlFpebble.o)
 .text.dict_write_int
                0x00000000        0xc /home/robert/pebble-dev/PebbleSDK-2.0-BETA2/Pebble/lib/libpebble.a(tmpIDurlFpebble.o)
 .text.dict_write_int16
                0x00000000        0xc /home/robert/pebble-dev/PebbleSDK-2.0-BETA2/Pebble/lib/libpebble.a(tmpIDurlFpebble.o)
 .text.dict_write_int32
                0x00000000        0xc /home/robert/pebble-dev/PebbleSDK-2.0-BETA2/Pebble/lib/libpebble.a(tmpIDurlFpebble.o)
 .text.dict_write_int8
                0x00000000        0xc /home/robert/pebble-dev/PebbleSDK-2.0-BETA2/Pebble/lib/libpebble.a(tmpIDurlFpebble.o)
 .text.dict_write_uint16
                0x00000000        0xc /home/robert/pebble-dev/PebbleSDK-2.0-BETA2/Pebble/lib/libpebble.a(tmpIDurlFpebble.o)
 .text.dict_write_uint32
                0x00000000        0xc /home/robert/pebble-dev/PebbleSDK-2.0-BETA2/Pebble/lib/libpebble.a(tmpIDurlFpebble.o)
 .text.dict_write_uint8
                0x00000000        0xc /home/robert/pebble-dev/PebbleSDK-2.0-BETA2/Pebble/lib/libpebble.a(tmpIDurlFpebble.o)
 .text.fonts_load_custom_font
                0x00000000        0xc /home/robert/pebble-dev/PebbleSDK-2.0-BETA2/Pebble/lib/libpebble.a(tmpIDurlFpebble.o)
 .text.fonts_unload_custom_font
                0x00000000        0xc /home/robert/pebble-dev/PebbleSDK-2.0-BETA2/Pebble/lib/libpebble.a(tmpIDurlFpebble.o)
 .text.gbitmap_create_as_sub_bitmap
                0x00000000        0xc /home/robert/pebble-dev/PebbleSDK-2.0-BETA2/Pebble/lib/libpebble.a(tmpIDurlFpebble.o)
 .text.gbitmap_create_with_data
                0x00000000        0xc /home/robert/pebble-dev/PebbleSDK-2.0-BETA2/Pebble/lib/libpebble.a(tmpIDurlFpebble.o)
 .text.gbitmap_create_with_resource
                0x00000000        0xc /home/robert/pebble-dev/PebbleSDK-2.0-BETA2/Pebble/lib/libpebble.a(tmpIDurlFpebble.o)
 .text.gbitmap_destroy
                0x00000000        0xc /home/robert/pebble-dev/PebbleSDK-2.0-BETA2/Pebble/lib/libpebble.a(tmpIDurlFpebble.o)
 .text.gmtime   0x00000000        0xc /home/robert/pebble-dev/PebbleSDK-2.0-BETA2/Pebble/lib/libpebble.a(tmpIDurlFpebble.o)
 .text.gpath_create
                0x00000000        0xc /home/robert/pebble-dev/PebbleSDK-2.0-BETA2/Pebble/lib/libpebble.a(tmpIDurlFpebble.o)
 .text.gpath_destroy
                0x00000000        0xc /home/robert/pebble-dev/PebbleSDK-2.0-BETA2/Pebble/lib/libpebble.a(tmpIDurlFpebble.o)
 .text.gpath_draw_filled
                0x00000000        0xc /home/robert/pebble-dev/PebbleSDK-2.0-BETA2/Pebble/lib/libpebble.a(tmpIDurlFpebble.o)
 .text.gpath_draw_outline
                0x00000000        0xc /home/robert/pebble-dev/PebbleSDK-2.0-BETA2/Pebble/lib/libpebble.a(tmpIDurlFpebble.o)
 .text.gpath_move_to
                0x00000000        0xc /home/robert/pebble-dev/PebbleSDK-2.0-BETA2/Pebble/lib/libpebble.a(tmpIDurlFpebble.o)
 .text.gpath_rotate_to
                0x00000000        0xc /home/robert/pebble-dev/PebbleSDK-2.0-BETA2/Pebble/lib/libpebble.a(tmpIDurlFpebble.o)
 .text.gpoint_equal
                0x00000000        0xc /home/robert/pebble-dev/PebbleSDK-2.0-BETA2/Pebble/lib/libpebble.a(tmpIDurlFpebble.o)
 .text.graphics_context_set_compositing_mode
                0x00000000        0xc /home/robert/pebble-dev/PebbleSDK-2.0-BETA2/Pebble/lib/libpebble.a(tmpIDurlFpebble.o)
 .text.graphics_context_set_fill_color
                0x00000000        0xc /home/robert/pebble-dev/PebbleSDK-2.0-BETA2/Pebble/lib/libpebble.a(tmpIDurlFpebble.o)
 .text.graphics_context_set_stroke_color
                0x00000000        0xc /home/robert/pebble-dev/PebbleSDK-2.0-BETA2/Pebble/lib/libpebble.a(tmpIDurlFpebble.o)
 .text.graphics_context_set_text_color
                0x00000000        0xc /home/robert/pebble-dev/PebbleSDK-2.0-BETA2/Pebble/lib/libpebble.a(tmpIDurlFpebble.o)
 .text.graphics_draw_bitmap_in_rect
                0x00000000        0xc /home/robert/pebble-dev/PebbleSDK-2.0-BETA2/Pebble/lib/libpebble.a(tmpIDurlFpebble.o)
 .text.graphics_draw_circle
                0x00000000        0xc /home/robert/pebble-dev/PebbleSDK-2.0-BETA2/Pebble/lib/libpebble.a(tmpIDurlFpebble.o)
 .text.graphics_draw_line
                0x00000000        0xc /home/robert/pebble-dev/PebbleSDK-2.0-BETA2/Pebble/lib/libpebble.a(tmpIDurlFpebble.o)
 .text.graphics_draw_pixel
                0x00000000        0xc /home/robert/pebble-dev/PebbleSDK-2.0-BETA2/Pebble/lib/libpebble.a(tmpIDurlFpebble.o)
 .text.graphics_draw_rect
                0x00000000        0xc /home/robert/pebble-dev/PebbleSDK-2.0-BETA2/Pebble/lib/libpebble.a(tmpIDurlFpebble.o)
 .text.graphics_draw_round_rect
                0x00000000        0xc /home/robert/pebble-dev/PebbleSDK-2.0-BETA2/Pebble/lib/libpebble.a(tmpIDurlFpebble.o)
 .text.graphics_fill_circle
                0x00000000        0xc /home/robert/pebble-dev/PebbleSDK-2.0-BETA2/Pebble/lib/libpebble.a(tmpIDurlFpebble.o)
 .text.graphics_fill_rect
                0x00000000        0xc /home/robert/pebble-dev/PebbleSDK-2.0-BETA2/Pebble/lib/libpebble.a(tmpIDurlFpebble.o)
 .text.graphics_text_layout_get_max_used_size
                0x00000000        0xc /home/robert/pebble-dev/PebbleSDK-2.0-BETA2/Pebble/lib/libpebble.a(tmpIDurlFpebble.o)
 .text.grect_align
                0x00000000        0xc /home/robert/pebble-dev/PebbleSDK-2.0-BETA2/Pebble/lib/libpebble.a(tmpIDurlFpebble.o)
 .text.grect_center_point
                0x00000000        0xc /home/robert/pebble-dev/PebbleSDK-2.0-BETA2/Pebble/lib/libpebble.a(tmpIDurlFpebble.o)
 .text.grect_clip
                0x00000000        0xc /home/robert/pebble-dev/PebbleSDK-2.0-BETA2/Pebble/lib/libpebble.a(tmpIDurlFpebble.o)
 .text.grect_contains_point
                0x00000000        0xc /home/robert/pebble-dev/PebbleSDK-2.0-BETA2/Pebble/lib/libpebble.a(tmpIDurlFpebble.o)
 .text.grect_crop
                0x00000000        0xc /home/robert/pebble-dev/PebbleSDK-2.0-BETA2/Pebble/lib/libpebble.a(tmpIDurlFpebble.o)
 .text.grect_equal
                0x00000000        0xc /home/robert/pebble-dev/PebbleSDK-2.0-BETA2/Pebble/lib/libpebble.a(tmpIDurlFpebble.o)
 .text.grect_is_empty
                0x00000000        0xc /home/robert/pebble-dev/PebbleSDK-2.0-BETA2/Pebble/lib/libpebble.a(tmpIDurlFpebble.o)
 .text.grect_standardize
                0x00000000        0xc /home/robert/pebble-dev/PebbleSDK-2.0-BETA2/Pebble/lib/libpebble.a(tmpIDurlFpebble.o)
 .text.gsize_equal
                0x00000000        0xc /home/robert/pebble-dev/PebbleSDK-2.0-BETA2/Pebble/lib/libpebble.a(tmpIDurlFpebble.o)
 .text.inverter_layer_create
                0x00000000        0xc /home/robert/pebble-dev/PebbleSDK-2.0-BETA2/Pebble/lib/libpebble.a(tmpIDurlFpebble.o)
 .text.inverter_layer_destroy
                0x00000000        0xc /home/robert/pebble-dev/PebbleSDK-2.0-BETA2/Pebble/lib/libpebble.a(tmpIDurlFpebble.o)
 .text.inverter_layer_get_layer
                0x00000000        0xc /home/robert/pebble-dev/PebbleSDK-2.0-BETA2/Pebble/lib/libpebble.a(tmpIDurlFpebble.o)
 .text.layer_create
                0x00000000        0xc /home/robert/pebble-dev/PebbleSDK-2.0-BETA2/Pebble/lib/libpebble.a(tmpIDurlFpebble.o)
 .text.layer_create_with_data
                0x00000000        0xc /home/robert/pebble-dev/PebbleSDK-2.0-BETA2/Pebble/lib/libpebble.a(tmpIDurlFpebble.o)
 .text.layer_destroy
                0x00000000        0xc /home/robert/pebble-dev/PebbleSDK-2.0-BETA2/Pebble/lib/libpebble.a(tmpIDurlFpebble.o)
 .text.layer_get_clips
                0x00000000        0xc /home/robert/pebble-dev/PebbleSDK-2.0-BETA2/Pebble/lib/libpebble.a(tmpIDurlFpebble.o)
 .text.layer_get_data
                0x00000000        0xc /home/robert/pebble-dev/PebbleSDK-2.0-BETA2/Pebble/lib/libpebble.a(tmpIDurlFpebble.o)
 .text.layer_get_frame
                0x00000000        0xc /home/robert/pebble-dev/PebbleSDK-2.0-BETA2/Pebble/lib/libpebble.a(tmpIDurlFpebble.o)
 .text.layer_get_hidden
                0x00000000        0xc /home/robert/pebble-dev/PebbleSDK-2.0-BETA2/Pebble/lib/libpebble.a(tmpIDurlFpebble.o)
 .text.layer_get_window
                0x00000000        0xc /home/robert/pebble-dev/PebbleSDK-2.0-BETA2/Pebble/lib/libpebble.a(tmpIDurlFpebble.o)
 .text.layer_insert_above_sibling
                0x00000000        0xc /home/robert/pebble-dev/PebbleSDK-2.0-BETA2/Pebble/lib/libpebble.a(tmpIDurlFpebble.o)
 .text.layer_insert_below_sibling
                0x00000000        0xc /home/robert/pebble-dev/PebbleSDK-2.0-BETA2/Pebble/lib/libpebble.a(tmpIDurlFpebble.o)
 .text.layer_mark_dirty
                0x00000000        0xc /home/robert/pebble-dev/PebbleSDK-2.0-BETA2/Pebble/lib/libpebble.a(tmpIDurlFpebble.o)
 .text.layer_remove_child_layers
                0x00000000        0xc /home/robert/pebble-dev/PebbleSDK-2.0-BETA2/Pebble/lib/libpebble.a(tmpIDurlFpebble.o)
 .text.layer_remove_from_parent
                0x00000000        0xc /home/robert/pebble-dev/PebbleSDK-2.0-BETA2/Pebble/lib/libpebble.a(tmpIDurlFpebble.o)
 .text.layer_set_bounds
                0x00000000        0xc /home/robert/pebble-dev/PebbleSDK-2.0-BETA2/Pebble/lib/libpebble.a(tmpIDurlFpebble.o)
 .text.layer_set_clips
                0x00000000        0xc /home/robert/pebble-dev/PebbleSDK-2.0-BETA2/Pebble/lib/libpebble.a(tmpIDurlFpebble.o)
 .text.layer_set_frame
                0x00000000        0xc /home/robert/pebble-dev/PebbleSDK-2.0-BETA2/Pebble/lib/libpebble.a(tmpIDurlFpebble.o)
 .text.layer_set_hidden
                0x00000000        0xc /home/robert/pebble-dev/PebbleSDK-2.0-BETA2/Pebble/lib/libpebble.a(tmpIDurlFpebble.o)
 .text.layer_set_update_proc
                0x00000000        0xc /home/robert/pebble-dev/PebbleSDK-2.0-BETA2/Pebble/lib/libpebble.a(tmpIDurlFpebble.o)
 .text.light_enable
                0x00000000        0xc /home/robert/pebble-dev/PebbleSDK-2.0-BETA2/Pebble/lib/libpebble.a(tmpIDurlFpebble.o)
 .text.light_enable_interaction
                0x00000000        0xc /home/robert/pebble-dev/PebbleSDK-2.0-BETA2/Pebble/lib/libpebble.a(tmpIDurlFpebble.o)
 .text.localtime
                0x00000000        0xc /home/robert/pebble-dev/PebbleSDK-2.0-BETA2/Pebble/lib/libpebble.a(tmpIDurlFpebble.o)
 .text.memcpy   0x00000000        0xc /home/robert/pebble-dev/PebbleSDK-2.0-BETA2/Pebble/lib/libpebble.a(tmpIDurlFpebble.o)
 .text.memmove  0x00000000        0xc /home/robert/pebble-dev/PebbleSDK-2.0-BETA2/Pebble/lib/libpebble.a(tmpIDurlFpebble.o)
 .text.menu_cell_basic_draw
                0x00000000        0xc /home/robert/pebble-dev/PebbleSDK-2.0-BETA2/Pebble/lib/libpebble.a(tmpIDurlFpebble.o)
 .text.menu_cell_basic_header_draw
                0x00000000        0xc /home/robert/pebble-dev/PebbleSDK-2.0-BETA2/Pebble/lib/libpebble.a(tmpIDurlFpebble.o)
 .text.menu_cell_title_draw
                0x00000000        0xc /home/robert/pebble-dev/PebbleSDK-2.0-BETA2/Pebble/lib/libpebble.a(tmpIDurlFpebble.o)
 .text.menu_index_compare
                0x00000000        0xc /home/robert/pebble-dev/PebbleSDK-2.0-BETA2/Pebble/lib/libpebble.a(tmpIDurlFpebble.o)
 .text.menu_layer_create
                0x00000000        0xc /home/robert/pebble-dev/PebbleSDK-2.0-BETA2/Pebble/lib/libpebble.a(tmpIDurlFpebble.o)
 .text.menu_layer_destroy
                0x00000000        0xc /home/robert/pebble-dev/PebbleSDK-2.0-BETA2/Pebble/lib/libpebble.a(tmpIDurlFpebble.o)
 .text.menu_layer_get_layer
                0x00000000        0xc /home/robert/pebble-dev/PebbleSDK-2.0-BETA2/Pebble/lib/libpebble.a(tmpIDurlFpebble.o)
 .text.menu_layer_get_scroll_layer
                0x00000000        0xc /home/robert/pebble-dev/PebbleSDK-2.0-BETA2/Pebble/lib/libpebble.a(tmpIDurlFpebble.o)
 .text.menu_layer_get_selected_index
                0x00000000        0xc /home/robert/pebble-dev/PebbleSDK-2.0-BETA2/Pebble/lib/libpebble.a(tmpIDurlFpebble.o)
 .text.menu_layer_reload_data
                0x00000000        0xc /home/robert/pebble-dev/PebbleSDK-2.0-BETA2/Pebble/lib/libpebble.a(tmpIDurlFpebble.o)
 .text.menu_layer_set_callbacks
                0x00000000        0xc /home/robert/pebble-dev/PebbleSDK-2.0-BETA2/Pebble/lib/libpebble.a(tmpIDurlFpebble.o)
 .text.menu_layer_set_click_config_onto_window
                0x00000000        0xc /home/robert/pebble-dev/PebbleSDK-2.0-BETA2/Pebble/lib/libpebble.a(tmpIDurlFpebble.o)
 .text.menu_layer_set_selected_index
                0x00000000        0xc /home/robert/pebble-dev/PebbleSDK-2.0-BETA2/Pebble/lib/libpebble.a(tmpIDurlFpebble.o)
 .text.menu_layer_set_selected_next
                0x00000000        0xc /home/robert/pebble-dev/PebbleSDK-2.0-BETA2/Pebble/lib/libpebble.a(tmpIDurlFpebble.o)
 .text.number_window_create
                0x00000000        0xc /home/robert/pebble-dev/PebbleSDK-2.0-BETA2/Pebble/lib/libpebble.a(tmpIDurlFpebble.o)
 .text.number_window_destroy
                0x00000000        0xc /home/robert/pebble-dev/PebbleSDK-2.0-BETA2/Pebble/lib/libpebble.a(tmpIDurlFpebble.o)
 .text.number_window_get_value
                0x00000000        0xc /home/robert/pebble-dev/PebbleSDK-2.0-BETA2/Pebble/lib/libpebble.a(tmpIDurlFpebble.o)
 .text.number_window_set_label
                0x00000000        0xc /home/robert/pebble-dev/PebbleSDK-2.0-BETA2/Pebble/lib/libpebble.a(tmpIDurlFpebble.o)
 .text.number_window_set_max
                0x00000000        0xc /home/robert/pebble-dev/PebbleSDK-2.0-BETA2/Pebble/lib/libpebble.a(tmpIDurlFpebble.o)
 .text.number_window_set_min
                0x00000000        0xc /home/robert/pebble-dev/PebbleSDK-2.0-BETA2/Pebble/lib/libpebble.a(tmpIDurlFpebble.o)
 .text.number_window_set_step_size
                0x00000000        0xc /home/robert/pebble-dev/PebbleSDK-2.0-BETA2/Pebble/lib/libpebble.a(tmpIDurlFpebble.o)
 .text.number_window_set_value
                0x00000000        0xc /home/robert/pebble-dev/PebbleSDK-2.0-BETA2/Pebble/lib/libpebble.a(tmpIDurlFpebble.o)
 .text.persist_delete
                0x00000000        0xc /home/robert/pebble-dev/PebbleSDK-2.0-BETA2/Pebble/lib/libpebble.a(tmpIDurlFpebble.o)
 .text.persist_exists
                0x00000000        0xc /home/robert/pebble-dev/PebbleSDK-2.0-BETA2/Pebble/lib/libpebble.a(tmpIDurlFpebble.o)
 .text.persist_get_size
                0x00000000        0xc /home/robert/pebble-dev/PebbleSDK-2.0-BETA2/Pebble/lib/libpebble.a(tmpIDurlFpebble.o)
 .text.persist_read_bool
                0x00000000        0xc /home/robert/pebble-dev/PebbleSDK-2.0-BETA2/Pebble/lib/libpebble.a(tmpIDurlFpebble.o)
 .text.persist_read_data__deprecated
                0x00000000        0xc /home/robert/pebble-dev/PebbleSDK-2.0-BETA2/Pebble/lib/libpebble.a(tmpIDurlFpebble.o)
 .text.persist_read_int
                0x00000000        0xc /home/robert/pebble-dev/PebbleSDK-2.0-BETA2/Pebble/lib/libpebble.a(tmpIDurlFpebble.o)
 .text.persist_read_string__deprecated
                0x00000000        0xc /home/robert/pebble-dev/PebbleSDK-2.0-BETA2/Pebble/lib/libpebble.a(tmpIDurlFpebble.o)
 .text.persist_write_bool
                0x00000000        0xc /home/robert/pebble-dev/PebbleSDK-2.0-BETA2/Pebble/lib/libpebble.a(tmpIDurlFpebble.o)
 .text.persist_write_data__deprecated
                0x00000000        0xc /home/robert/pebble-dev/PebbleSDK-2.0-BETA2/Pebble/lib/libpebble.a(tmpIDurlFpebble.o)
 .text.persist_write_int
                0x00000000        0xc /home/robert/pebble-dev/PebbleSDK-2.0-BETA2/Pebble/lib/libpebble.a(tmpIDurlFpebble.o)
 .text.persist_write_string
                0x00000000        0xc /home/robert/pebble-dev/PebbleSDK-2.0-BETA2/Pebble/lib/libpebble.a(tmpIDurlFpebble.o)
 .text.property_animation_create
                0x00000000        0xc /home/robert/pebble-dev/PebbleSDK-2.0-BETA2/Pebble/lib/libpebble.a(tmpIDurlFpebble.o)
 .text.property_animation_create_layer_frame
                0x00000000        0xc /home/robert/pebble-dev/PebbleSDK-2.0-BETA2/Pebble/lib/libpebble.a(tmpIDurlFpebble.o)
 .text.property_animation_destroy
                0x00000000        0xc /home/robert/pebble-dev/PebbleSDK-2.0-BETA2/Pebble/lib/libpebble.a(tmpIDurlFpebble.o)
 .text.property_animation_update_gpoint
                0x00000000        0xc /home/robert/pebble-dev/PebbleSDK-2.0-BETA2/Pebble/lib/libpebble.a(tmpIDurlFpebble.o)
 .text.property_animation_update_grect
                0x00000000        0xc /home/robert/pebble-dev/PebbleSDK-2.0-BETA2/Pebble/lib/libpebble.a(tmpIDurlFpebble.o)
 .text.property_animation_update_int16
                0x00000000        0xc /home/robert/pebble-dev/PebbleSDK-2.0-BETA2/Pebble/lib/libpebble.a(tmpIDurlFpebble.o)
 .text.psleep   0x00000000        0xc /home/robert/pebble-dev/PebbleSDK-2.0-BETA2/Pebble/lib/libpebble.a(tmpIDurlFpebble.o)
 .text.rand     0x00000000        0xc /home/robert/pebble-dev/PebbleSDK-2.0-BETA2/Pebble/lib/libpebble.a(tmpIDurlFpebble.o)
 .text.resource_get_handle
                0x00000000        0xc /home/robert/pebble-dev/PebbleSDK-2.0-BETA2/Pebble/lib/libpebble.a(tmpIDurlFpebble.o)
 .text.resource_load
                0x00000000        0xc /home/robert/pebble-dev/PebbleSDK-2.0-BETA2/Pebble/lib/libpebble.a(tmpIDurlFpebble.o)
 .text.resource_load_byte_range
                0x00000000        0xc /home/robert/pebble-dev/PebbleSDK-2.0-BETA2/Pebble/lib/libpebble.a(tmpIDurlFpebble.o)
 .text.resource_size
                0x00000000        0xc /home/robert/pebble-dev/PebbleSDK-2.0-BETA2/Pebble/lib/libpebble.a(tmpIDurlFpebble.o)
 .text.rot_bitmap_layer_create
                0x00000000        0xc /home/robert/pebble-dev/PebbleSDK-2.0-BETA2/Pebble/lib/libpebble.a(tmpIDurlFpebble.o)
 .text.rot_bitmap_layer_destroy
                0x00000000        0xc /home/robert/pebble-dev/PebbleSDK-2.0-BETA2/Pebble/lib/libpebble.a(tmpIDurlFpebble.o)
 .text.rot_bitmap_layer_increment_angle
                0x00000000        0xc /home/robert/pebble-dev/PebbleSDK-2.0-BETA2/Pebble/lib/libpebble.a(tmpIDurlFpebble.o)
 .text.rot_bitmap_layer_set_angle
                0x00000000        0xc /home/robert/pebble-dev/PebbleSDK-2.0-BETA2/Pebble/lib/libpebble.a(tmpIDurlFpebble.o)
 .text.rot_bitmap_layer_set_corner_clip_color
                0x00000000        0xc /home/robert/pebble-dev/PebbleSDK-2.0-BETA2/Pebble/lib/libpebble.a(tmpIDurlFpebble.o)
 .text.rot_bitmap_set_compositing_mode
                0x00000000        0xc /home/robert/pebble-dev/PebbleSDK-2.0-BETA2/Pebble/lib/libpebble.a(tmpIDurlFpebble.o)
 .text.rot_bitmap_set_src_ic
                0x00000000        0xc /home/robert/pebble-dev/PebbleSDK-2.0-BETA2/Pebble/lib/libpebble.a(tmpIDurlFpebble.o)
 .text.scroll_layer_add_child
                0x00000000        0xc /home/robert/pebble-dev/PebbleSDK-2.0-BETA2/Pebble/lib/libpebble.a(tmpIDurlFpebble.o)
 .text.scroll_layer_create
                0x00000000        0xc /home/robert/pebble-dev/PebbleSDK-2.0-BETA2/Pebble/lib/libpebble.a(tmpIDurlFpebble.o)
 .text.scroll_layer_destroy
                0x00000000        0xc /home/robert/pebble-dev/PebbleSDK-2.0-BETA2/Pebble/lib/libpebble.a(tmpIDurlFpebble.o)
 .text.scroll_layer_get_content_offset
                0x00000000        0xc /home/robert/pebble-dev/PebbleSDK-2.0-BETA2/Pebble/lib/libpebble.a(tmpIDurlFpebble.o)
 .text.scroll_layer_get_content_size
                0x00000000        0xc /home/robert/pebble-dev/PebbleSDK-2.0-BETA2/Pebble/lib/libpebble.a(tmpIDurlFpebble.o)
 .text.scroll_layer_get_layer
                0x00000000        0xc /home/robert/pebble-dev/PebbleSDK-2.0-BETA2/Pebble/lib/libpebble.a(tmpIDurlFpebble.o)
 .text.scroll_layer_get_shadow_hidden
                0x00000000        0xc /home/robert/pebble-dev/PebbleSDK-2.0-BETA2/Pebble/lib/libpebble.a(tmpIDurlFpebble.o)
 .text.scroll_layer_scroll_down_click_handler
                0x00000000        0xc /home/robert/pebble-dev/PebbleSDK-2.0-BETA2/Pebble/lib/libpebble.a(tmpIDurlFpebble.o)
 .text.scroll_layer_scroll_up_click_handler
                0x00000000        0xc /home/robert/pebble-dev/PebbleSDK-2.0-BETA2/Pebble/lib/libpebble.a(tmpIDurlFpebble.o)
 .text.scroll_layer_set_callbacks
                0x00000000        0xc /home/robert/pebble-dev/PebbleSDK-2.0-BETA2/Pebble/lib/libpebble.a(tmpIDurlFpebble.o)
 .text.scroll_layer_set_click_config_onto_window
                0x00000000        0xc /home/robert/pebble-dev/PebbleSDK-2.0-BETA2/Pebble/lib/libpebble.a(tmpIDurlFpebble.o)
 .text.scroll_layer_set_content_offset
                0x00000000        0xc /home/robert/pebble-dev/PebbleSDK-2.0-BETA2/Pebble/lib/libpebble.a(tmpIDurlFpebble.o)
 .text.scroll_layer_set_content_size
                0x00000000        0xc /home/robert/pebble-dev/PebbleSDK-2.0-BETA2/Pebble/lib/libpebble.a(tmpIDurlFpebble.o)
 .text.scroll_layer_set_context
                0x00000000        0xc /home/robert/pebble-dev/PebbleSDK-2.0-BETA2/Pebble/lib/libpebble.a(tmpIDurlFpebble.o)
 .text.scroll_layer_set_frame
                0x00000000        0xc /home/robert/pebble-dev/PebbleSDK-2.0-BETA2/Pebble/lib/libpebble.a(tmpIDurlFpebble.o)
 .text.scroll_layer_set_shadow_hidden
                0x00000000        0xc /home/robert/pebble-dev/PebbleSDK-2.0-BETA2/Pebble/lib/libpebble.a(tmpIDurlFpebble.o)
 .text.simple_menu_layer_create
                0x00000000        0xc /home/robert/pebble-dev/PebbleSDK-2.0-BETA2/Pebble/lib/libpebble.a(tmpIDurlFpebble.o)
 .text.simple_menu_layer_destroy
                0x00000000        0xc /home/robert/pebble-dev/PebbleSDK-2.0-BETA2/Pebble/lib/libpebble.a(tmpIDurlFpebble.o)
 .text.simple_menu_layer_get_layer
                0x00000000        0xc /home/robert/pebble-dev/PebbleSDK-2.0-BETA2/Pebble/lib/libpebble.a(tmpIDurlFpebble.o)
 .text.simple_menu_layer_get_selected_index
                0x00000000        0xc /home/robert/pebble-dev/PebbleSDK-2.0-BETA2/Pebble/lib/libpebble.a(tmpIDurlFpebble.o)
 .text.simple_menu_layer_set_selected_index
                0x00000000        0xc /home/robert/pebble-dev/PebbleSDK-2.0-BETA2/Pebble/lib/libpebble.a(tmpIDurlFpebble.o)
 .text.sin_lookup
                0x00000000        0xc /home/robert/pebble-dev/PebbleSDK-2.0-BETA2/Pebble/lib/libpebble.a(tmpIDurlFpebble.o)
 .text.snprintf
                0x00000000        0xc /home/robert/pebble-dev/PebbleSDK-2.0-BETA2/Pebble/lib/libpebble.a(tmpIDurlFpebble.o)
 .text.srand    0x00000000        0xc /home/robert/pebble-dev/PebbleSDK-2.0-BETA2/Pebble/lib/libpebble.a(tmpIDurlFpebble.o)
 .text.strcmp   0x00000000        0xc /home/robert/pebble-dev/PebbleSDK-2.0-BETA2/Pebble/lib/libpebble.a(tmpIDurlFpebble.o)
 .text.strftime
                0x00000000        0xc /home/robert/pebble-dev/PebbleSDK-2.0-BETA2/Pebble/lib/libpebble.a(tmpIDurlFpebble.o)
 .text.strncat  0x00000000        0xc /home/robert/pebble-dev/PebbleSDK-2.0-BETA2/Pebble/lib/libpebble.a(tmpIDurlFpebble.o)
 .text.strncmp  0x00000000        0xc /home/robert/pebble-dev/PebbleSDK-2.0-BETA2/Pebble/lib/libpebble.a(tmpIDurlFpebble.o)
 .text.text_layer_get_content_size
                0x00000000        0xc /home/robert/pebble-dev/PebbleSDK-2.0-BETA2/Pebble/lib/libpebble.a(tmpIDurlFpebble.o)
 .text.text_layer_get_text
                0x00000000        0xc /home/robert/pebble-dev/PebbleSDK-2.0-BETA2/Pebble/lib/libpebble.a(tmpIDurlFpebble.o)
 .text.text_layer_set_background_color
                0x00000000        0xc /home/robert/pebble-dev/PebbleSDK-2.0-BETA2/Pebble/lib/libpebble.a(tmpIDurlFpebble.o)
 .text.text_layer_set_overflow_mode
                0x00000000        0xc /home/robert/pebble-dev/PebbleSDK-2.0-BETA2/Pebble/lib/libpebble.a(tmpIDurlFpebble.o)
 .text.text_layer_set_size
                0x00000000        0xc /home/robert/pebble-dev/PebbleSDK-2.0-BETA2/Pebble/lib/libpebble.a(tmpIDurlFpebble.o)
 .text.text_layer_set_text_color
                0x00000000        0xc /home/robert/pebble-dev/PebbleSDK-2.0-BETA2/Pebble/lib/libpebble.a(tmpIDurlFpebble.o)
 .text.tick_timer_service_init
                0x00000000        0xc /home/robert/pebble-dev/PebbleSDK-2.0-BETA2/Pebble/lib/libpebble.a(tmpIDurlFpebble.o)
 .text.tick_timer_service_subscribe
                0x00000000        0xc /home/robert/pebble-dev/PebbleSDK-2.0-BETA2/Pebble/lib/libpebble.a(tmpIDurlFpebble.o)
 .text.tick_timer_service_unsubscribe
                0x00000000        0xc /home/robert/pebble-dev/PebbleSDK-2.0-BETA2/Pebble/lib/libpebble.a(tmpIDurlFpebble.o)
 .text.time     0x00000000        0xc /home/robert/pebble-dev/PebbleSDK-2.0-BETA2/Pebble/lib/libpebble.a(tmpIDurlFpebble.o)
 .text.time_ms  0x00000000        0xc /home/robert/pebble-dev/PebbleSDK-2.0-BETA2/Pebble/lib/libpebble.a(tmpIDurlFpebble.o)
 .text.vibes_cancel
                0x00000000        0xc /home/robert/pebble-dev/PebbleSDK-2.0-BETA2/Pebble/lib/libpebble.a(tmpIDurlFpebble.o)
 .text.vibes_double_pulse
                0x00000000        0xc /home/robert/pebble-dev/PebbleSDK-2.0-BETA2/Pebble/lib/libpebble.a(tmpIDurlFpebble.o)
 .text.vibes_enqueue_custom_pattern
                0x00000000        0xc /home/robert/pebble-dev/PebbleSDK-2.0-BETA2/Pebble/lib/libpebble.a(tmpIDurlFpebble.o)
 .text.vibes_long_pulse
                0x00000000        0xc /home/robert/pebble-dev/PebbleSDK-2.0-BETA2/Pebble/lib/libpebble.a(tmpIDurlFpebble.o)
 .text.vibes_short_pulse
                0x00000000        0xc /home/robert/pebble-dev/PebbleSDK-2.0-BETA2/Pebble/lib/libpebble.a(tmpIDurlFpebble.o)
 .text.window_get_click_config_provider
                0x00000000        0xc /home/robert/pebble-dev/PebbleSDK-2.0-BETA2/Pebble/lib/libpebble.a(tmpIDurlFpebble.o)
 .text.window_get_fullscreen
                0x00000000        0xc /home/robert/pebble-dev/PebbleSDK-2.0-BETA2/Pebble/lib/libpebble.a(tmpIDurlFpebble.o)
 .text.window_is_loaded
                0x00000000        0xc /home/robert/pebble-dev/PebbleSDK-2.0-BETA2/Pebble/lib/libpebble.a(tmpIDurlFpebble.o)
 .text.window_set_background_color
                0x00000000        0xc /home/robert/pebble-dev/PebbleSDK-2.0-BETA2/Pebble/lib/libpebble.a(tmpIDurlFpebble.o)
 .text.window_set_click_config_provider_with_context
                0x00000000        0xc /home/robert/pebble-dev/PebbleSDK-2.0-BETA2/Pebble/lib/libpebble.a(tmpIDurlFpebble.o)
 .text.window_set_fullscreen
                0x00000000        0xc /home/robert/pebble-dev/PebbleSDK-2.0-BETA2/Pebble/lib/libpebble.a(tmpIDurlFpebble.o)
 .text.window_set_status_bar_icon
                0x00000000        0xc /home/robert/pebble-dev/PebbleSDK-2.0-BETA2/Pebble/lib/libpebble.a(tmpIDurlFpebble.o)
 .text.window_stack_contains_window
                0x00000000        0xc /home/robert/pebble-dev/PebbleSDK-2.0-BETA2/Pebble/lib/libpebble.a(tmpIDurlFpebble.o)
 .text.window_stack_get_top_window
                0x00000000        0xc /home/robert/pebble-dev/PebbleSDK-2.0-BETA2/Pebble/lib/libpebble.a(tmpIDurlFpebble.o)
 .text.window_stack_pop
                0x00000000        0xc /home/robert/pebble-dev/PebbleSDK-2.0-BETA2/Pebble/lib/libpebble.a(tmpIDurlFpebble.o)
 .text.window_stack_pop_all
                0x00000000        0xc /home/robert/pebble-dev/PebbleSDK-2.0-BETA2/Pebble/lib/libpebble.a(tmpIDurlFpebble.o)
 .text.window_stack_remove
                0x00000000        0xc /home/robert/pebble-dev/PebbleSDK-2.0-BETA2/Pebble/lib/libpebble.a(tmpIDurlFpebble.o)
 .text.app_focus_service_subscribe
                0x00000000        0xc /home/robert/pebble-dev/PebbleSDK-2.0-BETA2/Pebble/lib/libpebble.a(tmpIDurlFpebble.o)
 .text.app_focus_service_unsubscribe
                0x00000000        0xc /home/robert/pebble-dev/PebbleSDK-2.0-BETA2/Pebble/lib/libpebble.a(tmpIDurlFpebble.o)
 .text.window_get_user_data
                0x00000000        0xc /home/robert/pebble-dev/PebbleSDK-2.0-BETA2/Pebble/lib/libpebble.a(tmpIDurlFpebble.o)
 .text.window_set_user_data
                0x00000000        0xc /home/robert/pebble-dev/PebbleSDK-2.0-BETA2/Pebble/lib/libpebble.a(tmpIDurlFpebble.o)
 .text.app_message_get_context
                0x00000000        0xc /home/robert/pebble-dev/PebbleSDK-2.0-BETA2/Pebble/lib/libpebble.a(tmpIDurlFpebble.o)
 .text.app_message_inbox_size_maximum
                0x00000000        0xc /home/robert/pebble-dev/PebbleSDK-2.0-BETA2/Pebble/lib/libpebble.a(tmpIDurlFpebble.o)
 .text.app_message_outbox_size_maximum
                0x00000000        0xc /home/robert/pebble-dev/PebbleSDK-2.0-BETA2/Pebble/lib/libpebble.a(tmpIDurlFpebble.o)
 .text.app_message_register_outbox_sent
                0x00000000        0xc /home/robert/pebble-dev/PebbleSDK-2.0-BETA2/Pebble/lib/libpebble.a(tmpIDurlFpebble.o)
 .text.app_message_set_context
                0x00000000        0xc /home/robert/pebble-dev/PebbleSDK-2.0-BETA2/Pebble/lib/libpebble.a(tmpIDurlFpebble.o)
 .text.window_multi_click_subscribe
                0x00000000        0xc /home/robert/pebble-dev/PebbleSDK-2.0-BETA2/Pebble/lib/libpebble.a(tmpIDurlFpebble.o)
 .text.window_raw_click_subscribe
                0x00000000        0xc /home/robert/pebble-dev/PebbleSDK-2.0-BETA2/Pebble/lib/libpebble.a(tmpIDurlFpebble.o)
 .text.window_set_click_context
                0x00000000        0xc /home/robert/pebble-dev/PebbleSDK-2.0-BETA2/Pebble/lib/libpebble.a(tmpIDurlFpebble.o)
 .text.graphics_draw_text
                0x00000000        0xc /home/robert/pebble-dev/PebbleSDK-2.0-BETA2/Pebble/lib/libpebble.a(tmpIDurlFpebble.o)
 .text.dict_serialize_tuplets_to_buffer
                0x00000000        0xc /home/robert/pebble-dev/PebbleSDK-2.0-BETA2/Pebble/lib/libpebble.a(tmpIDurlFpebble.o)
 .text.persist_read_data
                0x00000000        0xc /home/robert/pebble-dev/PebbleSDK-2.0-BETA2/Pebble/lib/libpebble.a(tmpIDurlFpebble.o)
 .text.persist_read_string
                0x00000000        0xc /home/robert/pebble-dev/PebbleSDK-2.0-BETA2/Pebble/lib/libpebble.a(tmpIDurlFpebble.o)
 .text.persist_write_data
                0x00000000        0xc /home/robert/pebble-dev/PebbleSDK-2.0-BETA2/Pebble/lib/libpebble.a(tmpIDurlFpebble.o)
 .text          0x00000000        0x0 /home/robert/pebble-dev/PebbleSDK-2.0-BETA2/arm-cs-tools/bin/../lib/gcc/arm-none-eabi/4.7.3/thumb2/crtend.o
 .bss           0x00000000        0x0 /home/robert/pebble-dev/PebbleSDK-2.0-BETA2/arm-cs-tools/bin/../lib/gcc/arm-none-eabi/4.7.3/thumb2/crtend.o
 .eh_frame      0x00000000        0x4 /home/robert/pebble-dev/PebbleSDK-2.0-BETA2/arm-cs-tools/bin/../lib/gcc/arm-none-eabi/4.7.3/thumb2/crtend.o
 .jcr           0x00000000        0x4 /home/robert/pebble-dev/PebbleSDK-2.0-BETA2/arm-cs-tools/bin/../lib/gcc/arm-none-eabi/4.7.3/thumb2/crtend.o
 .tm_clone_table
                0x00000000        0x0 /home/robert/pebble-dev/PebbleSDK-2.0-BETA2/arm-cs-tools/bin/../lib/gcc/arm-none-eabi/4.7.3/thumb2/crtend.o
 .text          0x00000000        0x0 /home/robert/pebble-dev/PebbleSDK-2.0-BETA2/arm-cs-tools/bin/../lib/gcc/arm-none-eabi/4.7.3/thumb2/crtn.o
 .bss           0x00000000        0x0 /home/robert/pebble-dev/PebbleSDK-2.0-BETA2/arm-cs-tools/bin/../lib/gcc/arm-none-eabi/4.7.3/thumb2/crtn.o
 .init          0x00000000        0x8 /home/robert/pebble-dev/PebbleSDK-2.0-BETA2/arm-cs-tools/bin/../lib/gcc/arm-none-eabi/4.7.3/thumb2/crtn.o
 .fini          0x00000000        0x8 /home/robert/pebble-dev/PebbleSDK-2.0-BETA2/arm-cs-tools/bin/../lib/gcc/arm-none-eabi/4.7.3/thumb2/crtn.o

Memory Configuration

Name             Origin             Length             Attributes
APP              0x00000000         0x00006000         xrw
*default*        0x00000000         0xffffffff

Linker script and memory map

LOAD /home/robert/pebble-dev/PebbleSDK-2.0-BETA2/arm-cs-tools/bin/../lib/gcc/arm-none-eabi/4.7.3/thumb2/crti.o
LOAD /home/robert/pebble-dev/PebbleSDK-2.0-BETA2/arm-cs-tools/bin/../lib/gcc/arm-none-eabi/4.7.3/thumb2/crtbegin.o
LOAD src/entry.c.7.o
LOAD src/quotes.c.7.o
LOAD appinfo.auto.c.7.o
LOAD /home/robert/pebble-dev/PebbleSDK-2.0-BETA2/Pebble/lib/libpebble.a
START GROUP
LOAD /home/robert/pebble-dev/PebbleSDK-2.0-BETA2/arm-cs-tools/bin/../lib/gcc/arm-none-eabi/4.7.3/thumb2/libgcc.a
LOAD /home/robert/pebble-dev/PebbleSDK-2.0-BETA2/arm-cs-tools/bin/../lib/gcc/arm-none-eabi/4.7.3/../../../../arm-none-eabi/lib/thumb2/libc.a
END GROUP
LOAD /home/robert/pebble-dev/PebbleSDK-2.0-BETA2/arm-cs-tools/bin/../lib/gcc/arm-none-eabi/4.7.3/thumb2/crtend.o
LOAD /home/robert/pebble-dev/PebbleSDK-2.0-BETA2/arm-cs-tools/bin/../lib/gcc/arm-none-eabi/4.7.3/thumb2/crtn.o

.header         0x00000000       0x82
 *(.pbl_header)
 .pbl_header    0x00000000       0x82 appinfo.auto.c.7.o
                0x00000000                __pbl_app_info

.text           0x00000084      0x763
 *(.text)
 .text          0x00000084       0x14 /home/robert/pebble-dev/PebbleSDK-2.0-BETA2/Pebble/lib/libpebble.a(tmpIDurlFpebble.o)
 *(.text.*)
 .text.select_long_click_handler
                0x00000098        0x2 src/quotes.c.7.o
 *fill*         0x0000009a        0x2 
 .text.out_failed_handler
                0x0000009c       0x18 src/quotes.c.7.o
 .text.in_dropped_handler
                0x000000b4       0x18 src/quotes.c.7.o
 .text.in_received_handler
                0x000000cc       0x94 src/quotes.c.7.o
 .text.window_unload
                0x00000160       0x24 src/quotes.c.7.o
 .text.set_slide
                0x00000184       0x34 src/quotes.c.7.o
 .text.click_config_provider
                0x000001b8       0x48 src/quotes.c.7.o
 .text.set_auth.isra.0
                0x00000200       0x3c src/quotes.c.7.o
 .text.window_load
                0x0000023c       0xec src/quotes.c.7.o
 .text.select_click_handler
                0x00000328       0x30 src/quotes.c.7.o
 .text.reverse  0x00000358       0x20 src/quotes.c.7.o
                0x00000358                reverse
 .text.itoa     0x00000378       0x3c src/quotes.c.7.o
                0x00000378                itoa
 .text.display_Slides
                0x000003b4       0xa4 src/quotes.c.7.o
                0x000003b4                display_Slides
 .text.down_click_handler
                0x00000458       0x30 src/quotes.c.7.o
 .text.up_click_handler
                0x00000488       0x28 src/quotes.c.7.o
 .text.startup.main
                0x000004b0       0xb0 src/quotes.c.7.o
                0x000004b0                main
 .text.app_event_loop
                0x00000560        0xc /home/robert/pebble-dev/PebbleSDK-2.0-BETA2/Pebble/lib/libpebble.a(tmpIDurlFpebble.o)
                0x00000560                app_event_loop
 .text.app_log  0x0000056c        0xc /home/robert/pebble-dev/PebbleSDK-2.0-BETA2/Pebble/lib/libpebble.a(tmpIDurlFpebble.o)
                0x0000056c                app_log
 .text.app_message_open
                0x00000578        0xc /home/robert/pebble-dev/PebbleSDK-2.0-BETA2/Pebble/lib/libpebble.a(tmpIDurlFpebble.o)
                0x00000578                app_message_open
 .text.dict_find
                0x00000584        0xc /home/robert/pebble-dev/PebbleSDK-2.0-BETA2/Pebble/lib/libpebble.a(tmpIDurlFpebble.o)
                0x00000584                dict_find
 .text.dict_write_end
                0x00000590        0xc /home/robert/pebble-dev/PebbleSDK-2.0-BETA2/Pebble/lib/libpebble.a(tmpIDurlFpebble.o)
                0x00000590                dict_write_end
 .text.dict_write_tuplet
                0x0000059c        0xc /home/robert/pebble-dev/PebbleSDK-2.0-BETA2/Pebble/lib/libpebble.a(tmpIDurlFpebble.o)
                0x0000059c                dict_write_tuplet
 .text.fonts_get_system_font
                0x000005a8        0xc /home/robert/pebble-dev/PebbleSDK-2.0-BETA2/Pebble/lib/libpebble.a(tmpIDurlFpebble.o)
                0x000005a8                fonts_get_system_font
 .text.free     0x000005b4        0xc /home/robert/pebble-dev/PebbleSDK-2.0-BETA2/Pebble/lib/libpebble.a(tmpIDurlFpebble.o)
                0x000005b4                free
 .text.layer_add_child
                0x000005c0        0xc /home/robert/pebble-dev/PebbleSDK-2.0-BETA2/Pebble/lib/libpebble.a(tmpIDurlFpebble.o)
                0x000005c0                layer_add_child
 .text.layer_get_bounds
                0x000005cc        0xc /home/robert/pebble-dev/PebbleSDK-2.0-BETA2/Pebble/lib/libpebble.a(tmpIDurlFpebble.o)
                0x000005cc                layer_get_bounds
 .text.malloc   0x000005d8        0xc /home/robert/pebble-dev/PebbleSDK-2.0-BETA2/Pebble/lib/libpebble.a(tmpIDurlFpebble.o)
                0x000005d8                malloc
 .text.memset   0x000005e4        0xc /home/robert/pebble-dev/PebbleSDK-2.0-BETA2/Pebble/lib/libpebble.a(tmpIDurlFpebble.o)
                0x000005e4                memset
 .text.strcat   0x000005f0        0xc /home/robert/pebble-dev/PebbleSDK-2.0-BETA2/Pebble/lib/libpebble.a(tmpIDurlFpebble.o)
                0x000005f0                strcat
 .text.strcpy   0x000005fc        0xc /home/robert/pebble-dev/PebbleSDK-2.0-BETA2/Pebble/lib/libpebble.a(tmpIDurlFpebble.o)
                0x000005fc                strcpy
 .text.strlen   0x00000608        0xc /home/robert/pebble-dev/PebbleSDK-2.0-BETA2/Pebble/lib/libpebble.a(tmpIDurlFpebble.o)
                0x00000608                strlen
 .text.strncpy  0x00000614        0xc /home/robert/pebble-dev/PebbleSDK-2.0-BETA2/Pebble/lib/libpebble.a(tmpIDurlFpebble.o)
                0x00000614                strncpy
 .text.text_layer_create
                0x00000620        0xc /home/robert/pebble-dev/PebbleSDK-2.0-BETA2/Pebble/lib/libpebble.a(tmpIDurlFpebble.o)
                0x00000620                text_layer_create
 .text.text_layer_destroy
                0x0000062c        0xc /home/robert/pebble-dev/PebbleSDK-2.0-BETA2/Pebble/lib/libpebble.a(tmpIDurlFpebble.o)
                0x0000062c                text_layer_destroy
 .text.text_layer_get_layer
                0x00000638        0xc /home/robert/pebble-dev/PebbleSDK-2.0-BETA2/Pebble/lib/libpebble.a(tmpIDurlFpebble.o)
                0x00000638                text_layer_get_layer
 .text.text_layer_set_font
                0x00000644        0xc /home/robert/pebble-dev/PebbleSDK-2.0-BETA2/Pebble/lib/libpebble.a(tmpIDurlFpebble.o)
                0x00000644                text_layer_set_font
 .text.text_layer_set_text
                0x00000650        0xc /home/robert/pebble-dev/PebbleSDK-2.0-BETA2/Pebble/lib/libpebble.a(tmpIDurlFpebble.o)
                0x00000650                text_layer_set_text
 .text.text_layer_set_text_alignment
                0x0000065c        0xc /home/robert/pebble-dev/PebbleSDK-2.0-BETA2/Pebble/lib/libpebble.a(tmpIDurlFpebble.o)
                0x0000065c                text_layer_set_text_alignment
 .text.window_create
                0x00000668        0xc /home/robert/pebble-dev/PebbleSDK-2.0-BETA2/Pebble/lib/libpebble.a(tmpIDurlFpebble.o)
                0x00000668                window_create
 .text.window_destroy
                0x00000674        0xc /home/robert/pebble-dev/PebbleSDK-2.0-BETA2/Pebble/lib/libpebble.a(tmpIDurlFpebble.o)
                0x00000674                window_destroy
 .text.window_get_root_layer
                0x00000680        0xc /home/robert/pebble-dev/PebbleSDK-2.0-BETA2/Pebble/lib/libpebble.a(tmpIDurlFpebble.o)
                0x00000680                window_get_root_layer
 .text.window_set_click_config_provider
                0x0000068c        0xc /home/robert/pebble-dev/PebbleSDK-2.0-BETA2/Pebble/lib/libpebble.a(tmpIDurlFpebble.o)
                0x0000068c                window_set_click_config_provider
 .text.window_set_window_handlers
                0x00000698        0xc /home/robert/pebble-dev/PebbleSDK-2.0-BETA2/Pebble/lib/libpebble.a(tmpIDurlFpebble.o)
                0x00000698                window_set_window_handlers
 .text.window_stack_push
                0x000006a4        0xc /home/robert/pebble-dev/PebbleSDK-2.0-BETA2/Pebble/lib/libpebble.a(tmpIDurlFpebble.o)
                0x000006a4                window_stack_push
 .text.app_message_outbox_begin
                0x000006b0        0xc /home/robert/pebble-dev/PebbleSDK-2.0-BETA2/Pebble/lib/libpebble.a(tmpIDurlFpebble.o)
                0x000006b0                app_message_outbox_begin
 .text.app_message_outbox_send
                0x000006bc        0xc /home/robert/pebble-dev/PebbleSDK-2.0-BETA2/Pebble/lib/libpebble.a(tmpIDurlFpebble.o)
                0x000006bc                app_message_outbox_send
 .text.app_message_register_inbox_dropped
                0x000006c8        0xc /home/robert/pebble-dev/PebbleSDK-2.0-BETA2/Pebble/lib/libpebble.a(tmpIDurlFpebble.o)
                0x000006c8                app_message_register_inbox_dropped
 .text.app_message_register_inbox_received
                0x000006d4        0xc /home/robert/pebble-dev/PebbleSDK-2.0-BETA2/Pebble/lib/libpebble.a(tmpIDurlFpebble.o)
                0x000006d4                app_message_register_inbox_received
 .text.app_message_register_outbox_failed
                0x000006e0        0xc /home/robert/pebble-dev/PebbleSDK-2.0-BETA2/Pebble/lib/libpebble.a(tmpIDurlFpebble.o)
                0x000006e0                app_message_register_outbox_failed
 .text.window_long_click_subscribe
                0x000006ec        0xc /home/robert/pebble-dev/PebbleSDK-2.0-BETA2/Pebble/lib/libpebble.a(tmpIDurlFpebble.o)
                0x000006ec                window_long_click_subscribe
 .text.window_single_click_subscribe
                0x000006f8        0xc /home/robert/pebble-dev/PebbleSDK-2.0-BETA2/Pebble/lib/libpebble.a(tmpIDurlFpebble.o)
                0x000006f8                window_single_click_subscribe
 .text.window_single_repeating_click_subscribe
                0x00000704        0xc /home/robert/pebble-dev/PebbleSDK-2.0-BETA2/Pebble/lib/libpebble.a(tmpIDurlFpebble.o)
                0x00000704                window_single_repeating_click_subscribe
 *(.rodata)
 *(.rodata*)
 .rodata.str1.1
                0x00000710       0xd7 src/quotes.c.7.o

.glue_7         0x000007e8        0x0
 .glue_7        0x00000000        0x0 linker stubs

.glue_7t        0x000007e8        0x0
 .glue_7t       0x00000000        0x0 linker stubs

.vfp11_veneer   0x000007e8        0x0
 .vfp11_veneer  0x00000000        0x0 linker stubs

.v4_bx          0x000007e8        0x0
 .v4_bx         0x00000000        0x0 linker stubs

.iplt           0x000007e8        0x0
 .iplt          0x00000000        0x0 /home/robert/pebble-dev/PebbleSDK-2.0-BETA2/arm-cs-tools/bin/../lib/gcc/arm-none-eabi/4.7.3/thumb2/crtbegin.o

.rel.dyn        0x000007e8        0x0
 .rel.iplt      0x00000000        0x0 /home/robert/pebble-dev/PebbleSDK-2.0-BETA2/arm-cs-tools/bin/../lib/gcc/arm-none-eabi/4.7.3/thumb2/crtbegin.o
 .rel.got       0x00000000        0x0 /home/robert/pebble-dev/PebbleSDK-2.0-BETA2/arm-cs-tools/bin/../lib/gcc/arm-none-eabi/4.7.3/thumb2/crtbegin.o

.data           0x000007e8        0x4
 *(.data)
 .data          0x000007e8        0x0 /home/robert/pebble-dev/PebbleSDK-2.0-BETA2/arm-cs-tools/bin/../lib/gcc/arm-none-eabi/4.7.3/thumb2/crti.o
 .data          0x000007e8        0x4 /home/robert/pebble-dev/PebbleSDK-2.0-BETA2/arm-cs-tools/bin/../lib/gcc/arm-none-eabi/4.7.3/thumb2/crtbegin.o
                0x000007e8                __dso_handle
 .data          0x000007ec        0x0 src/entry.c.7.o
 .data          0x000007ec        0x0 src/quotes.c.7.o
 .data          0x000007ec        0x0 appinfo.auto.c.7.o
 .data          0x000007ec        0x0 /home/robert/pebble-dev/PebbleSDK-2.0-BETA2/Pebble/lib/libpebble.a(tmpIDurlFpebble.o)
 .data          0x000007ec        0x0 /home/robert/pebble-dev/PebbleSDK-2.0-BETA2/arm-cs-tools/bin/../lib/gcc/arm-none-eabi/4.7.3/thumb2/crtend.o
 .data          0x000007ec        0x0 /home/robert/pebble-dev/PebbleSDK-2.0-BETA2/arm-cs-tools/bin/../lib/gcc/arm-none-eabi/4.7.3/thumb2/crtn.o
 *(.data.*)

.igot.plt       0x000007ec        0x0
 .igot.plt      0x00000000        0x0 /home/robert/pebble-dev/PebbleSDK-2.0-BETA2/arm-cs-tools/bin/../lib/gcc/arm-none-eabi/4.7.3/thumb2/crtbegin.o

.got            0x000007ec        0x0
 .got           0x00000000        0x0 /home/robert/pebble-dev/PebbleSDK-2.0-BETA2/arm-cs-tools/bin/../lib/gcc/arm-none-eabi/4.7.3/thumb2/crtbegin.o

.got.plt        0x000007ec        0xc
 .got.plt       0x000007ec        0xc /home/robert/pebble-dev/PebbleSDK-2.0-BETA2/arm-cs-tools/bin/../lib/gcc/arm-none-eabi/4.7.3/thumb2/crtbegin.o
                0x000007ec                _GLOBAL_OFFSET_TABLE_

.bss            0x000007f8       0x1c
 *(.bss)
 *(.bss.*)
 .bss.current_slide
                0x000007f8        0x4 src/quotes.c.7.o
 .bss.total_slide
                0x000007fc        0x4 src/quotes.c.7.o
 .bss.slide_layer
                0x00000800        0x4 src/quotes.c.7.o
 .bss.auth_layer
                0x00000804        0x4 src/quotes.c.7.o
 .bss.auth      0x00000808        0x5 src/quotes.c.7.o
 *fill*         0x0000080d        0x3 
 .bss.window    0x00000810        0x4 src/quotes.c.7.o

DISCARD
 libc.a(*)
 libm.a(*)
 libgcc.a(*)
 *(.eh_frame)
OUTPUT(/home/robert/pebble-dev/my_js_project/PebblePresenter-PebbleApp/build/pebble-app.elf elf32-littlearm)

.ARM.attributes
                0x00000000       0x27
 .ARM.attributes
                0x00000000       0x19 /home/robert/pebble-dev/PebbleSDK-2.0-BETA2/arm-cs-tools/bin/../lib/gcc/arm-none-eabi/4.7.3/thumb2/crti.o
 .ARM.attributes
                0x00000019       0x29 /home/robert/pebble-dev/PebbleSDK-2.0-BETA2/arm-cs-tools/bin/../lib/gcc/arm-none-eabi/4.7.3/thumb2/crtbegin.o
 .ARM.attributes
                0x00000042       0x33 src/entry.c.7.o
 .ARM.attributes
                0x00000075       0x33 src/quotes.c.7.o
 .ARM.attributes
                0x000000a8       0x33 appinfo.auto.c.7.o
 .ARM.attributes
                0x000000db       0x21 /home/robert/pebble-dev/PebbleSDK-2.0-BETA2/Pebble/lib/libpebble.a(tmpIDurlFpebble.o)
 .ARM.attributes
                0x000000fc       0x29 /home/robert/pebble-dev/PebbleSDK-2.0-BETA2/arm-cs-tools/bin/../lib/gcc/arm-none-eabi/4.7.3/thumb2/crtend.o
 .ARM.attributes
                0x00000125       0x19 /home/robert/pebble-dev/PebbleSDK-2.0-BETA2/arm-cs-tools/bin/../lib/gcc/arm-none-eabi/4.7.3/thumb2/crtn.o

.comment        0x00000000       0x4e
 .comment       0x00000000       0x4e /home/robert/pebble-dev/PebbleSDK-2.0-BETA2/arm-cs-tools/bin/../lib/gcc/arm-none-eabi/4.7.3/thumb2/crtbegin.o
                                 0x4f (size before relaxing)
 .comment       0x00000000       0x4f src/entry.c.7.o
 .comment       0x00000000       0x4f src/quotes.c.7.o
 .comment       0x00000000       0x4f appinfo.auto.c.7.o
 .comment       0x00000000       0x4f /home/robert/pebble-dev/PebbleSDK-2.0-BETA2/arm-cs-tools/bin/../lib/gcc/arm-none-eabi/4.7.3/thumb2/crtend.o

.debug_info     0x00000000     0x23ba
 .debug_info    0x00000000      0xb6d src/entry.c.7.o
 .debug_info    0x00000b6d     0x1521 src/quotes.c.7.o
 .debug_info    0x0000208e      0x32c appinfo.auto.c.7.o

.debug_abbrev   0x00000000      0x6d4
 .debug_abbrev  0x00000000      0x2a3 src/entry.c.7.o
 .debug_abbrev  0x000002a3      0x37d src/quotes.c.7.o
 .debug_abbrev  0x00000620       0xb4 appinfo.auto.c.7.o

.debug_loc      0x00000000      0x96c
 .debug_loc     0x00000000      0x395 src/entry.c.7.o
 .debug_loc     0x00000395      0x5d7 src/quotes.c.7.o

.debug_aranges  0x00000000      0x118
 .debug_aranges
                0x00000000       0x68 src/entry.c.7.o
 .debug_aranges
                0x00000068       0x98 src/quotes.c.7.o
 .debug_aranges
                0x00000100       0x18 appinfo.auto.c.7.o

.debug_ranges   0x00000000      0x138
 .debug_ranges  0x00000000       0x98 src/entry.c.7.o
 .debug_ranges  0x00000098       0xa0 src/quotes.c.7.o

.debug_line     0x00000000      0x818
 .debug_line    0x00000000      0x349 src/entry.c.7.o
 .debug_line    0x00000349      0x3ab src/quotes.c.7.o
 .debug_line    0x000006f4      0x124 appinfo.auto.c.7.o

.debug_str      0x00000000      0xc20
 .debug_str     0x00000000      0x55d src/entry.c.7.o
                                0x5f0 (size before relaxing)
 .debug_str     0x0000055d      0x549 src/quotes.c.7.o
                                0xa69 (size before relaxing)
 .debug_str     0x00000aa6      0x17a appinfo.auto.c.7.o
                                0x2a0 (size before relaxing)

.debug_frame    0x00000000      0x2cc
 .debug_frame   0x00000000      0x118 src/entry.c.7.o
 .debug_frame   0x00000118      0x1b4 src/quotes.c.7.o
